../Drivers/CMSIS/Include/core_cm4.h:2064:26:ITM_SendChar	16	static,ignoring_inline_asm
../Core/Src/main.c:72:5:_write	32	static
../Core/Src/main.c:107:5:main	16	static
../Core/Src/main.c:166:6:SystemClock_Config	88	static
../Core/Src/main.c:213:13:MX_I2C1_Init	8	static
../Core/Src/main.c:247:13:MX_USART2_UART_Init	8	static
../Core/Src/main.c:280:13:MX_GPIO_Init	40	static
../Core/Src/main.c:328:6:HAL_UART_RxCpltCallback	16	static
../Core/Src/main.c:336:6:HAL_GPIO_EXTI_Callback	16	static
../Core/Src/main.c:356:13:enterPacketState	8	static
../Core/Src/main.c:363:13:enterStopState	8	static
../Core/Src/main.c:370:13:enableMotor	8	static
../Core/Src/main.c:373:13:disableMotor	8	static
../Core/Src/main.c:377:13:sendConfirmMessage	16	static
../Core/Src/main.c:388:6:Error_Handler	4	static,ignoring_inline_asm
